This is pdfTeX, Version 3.141592653-2.6-1.40.22 (TeX Live 2022/dev/Debian) (preloaded format=pdflatex 2026.8.14)  24 SEP 2026 22:14
entering extended mode
 restricted \write18 enabled.
 %&-line parsing enabled.
**main.tex
(./main.tex
LaTeX2e <2021-11-15> patch level 1
L3 programming layer <2022-01-21>
(/usr/share/texlive/texmf-dist/tex/latex/base/article.cls
Document Class: article 2021/10/04 v1.4n Standard LaTeX document class
(/usr/share/texlive/texmf-dist/tex/latex/base/size12.clo
File: size12.clo 2021/10/04 v1.4n Standard LaTeX file (size option)
)
\c@part=\count185
\c@section=\count186
\c@subsection=\count187
\c@subsubsection=\count188
\c@paragraph=\count189
\c@subparagraph=\count190
\c@figure=\count191
\c@table=\count192
\abovecaptionskip=\skip47
\belowcaptionskip=\skip48
\bibindent=\dimen138
)
(/usr/share/texlive/texmf-dist/tex/latex/geometry/geometry.sty
Package: geometry 2020/01/02 v5.9 Page Geometry

(/usr/share/texlive/texmf-dist/tex/latex/graphics/keyval.sty
Package: keyval 2014/10/28 v1.15 key=value parser (DPC)
\KV@toks@=\toks16
)
(/usr/share/texlive/texmf-dist/tex/generic/iftex/ifvtex.sty
Package: ifvtex 2019/10/25 v1.7 ifvtex legacy package. Use iftex instead.

(/usr/share/texlive/texmf-dist/tex/generic/iftex/iftex.sty
Package: iftex 2020/03/06 v1.0d TeX engine tests
))
\Gm@cnth=\count193
\Gm@cntv=\count194
\c@Gm@tempcnt=\count195
\Gm@bindingoffset=\dimen139
\Gm@wd@mp=\dimen140
\Gm@odd@mp=\dimen141
\Gm@even@mp=\dimen142
\Gm@layoutwidth=\dimen143
\Gm@layoutheight=\dimen144
\Gm@layouthoffset=\dimen145
\Gm@layoutvoffset=\dimen146
\Gm@dimlist=\toks17
)
(/usr/share/texlive/texmf-dist/tex/latex/psnfss/times.sty
Package: times 2020/03/25 PSNFSS-v9.3 (SPQR) 
)
(/usr/share/texlive/texmf-dist/tex/latex/amsmath/amsmath.sty
Package: amsmath 2021/10/15 v2.17l AMS math features
\@mathmargin=\skip49

For additional information on amsmath, use the `?' option.
(/usr/share/texlive/texmf-dist/tex/latex/amsmath/amstext.sty
Package: amstext 2021/08/26 v2.01 AMS text

(/usr/share/texlive/texmf-dist/tex/latex/amsmath/amsgen.sty
File: amsgen.sty 1999/11/30 v2.0 generic functions
\@emptytoks=\toks18
\ex@=\dimen147
))
(/usr/share/texlive/texmf-dist/tex/latex/amsmath/amsbsy.sty
Package: amsbsy 1999/11/29 v1.2d Bold Symbols
\pmbraise@=\dimen148
)
(/usr/share/texlive/texmf-dist/tex/latex/amsmath/amsopn.sty
Package: amsopn 2021/08/26 v2.02 operator names
)
\inf@bad=\count196
LaTeX Info: Redefining \frac on input line 234.
\uproot@=\count197
\leftroot@=\count198
LaTeX Info: Redefining \overline on input line 399.
\classnum@=\count199
\DOTSCASE@=\count266
LaTeX Info: Redefining \ldots on input line 496.
LaTeX Info: Redefining \dots on input line 499.
LaTeX Info: Redefining \cdots on input line 620.
\Mathstrutbox@=\box50
\strutbox@=\box51
\big@size=\dimen149
LaTeX Font Info:    Redeclaring font encoding OML on input line 743.
LaTeX Font Info:    Redeclaring font encoding OMS on input line 744.
\macc@depth=\count267
\c@MaxMatrixCols=\count268
\dotsspace@=\muskip16
\c@parentequation=\count269
\dspbrk@lvl=\count270
\tag@help=\toks19
\row@=\count271
\column@=\count272
\maxfields@=\count273
\andhelp@=\toks20
\eqnshift@=\dimen150
\alignsep@=\dimen151
\tagshift@=\dimen152
\tagwidth@=\dimen153
\totwidth@=\dimen154
\lineht@=\dimen155
\@envbody=\toks21
\multlinegap=\skip50
\multlinetaggap=\skip51
\mathdisplay@stack=\toks22
LaTeX Info: Redefining \[ on input line 2938.
LaTeX Info: Redefining \] on input line 2939.
)
(/usr/share/texlive/texmf-dist/tex/latex/amsfonts/amssymb.sty
Package: amssymb 2013/01/14 v3.01 AMS font symbols

(/usr/share/texlive/texmf-dist/tex/latex/amsfonts/amsfonts.sty
Package: amsfonts 2013/01/14 v3.01 Basic AMSFonts support
\symAMSa=\mathgroup4
\symAMSb=\mathgroup5
LaTeX Font Info:    Redeclaring math symbol \hbar on input line 98.
LaTeX Font Info:    Overwriting math alphabet `\mathfrak' in version `bold'
(Font)                  U/euf/m/n --> U/euf/b/n on input line 106.
))
(/usr/share/texlive/texmf-dist/tex/latex/amscls/amsthm.sty
Package: amsthm 2020/05/29 v2.20.6
\thm@style=\toks23
\thm@bodyfont=\toks24
\thm@headfont=\toks25
\thm@notefont=\toks26
\thm@headpunct=\toks27
\thm@preskip=\skip52
\thm@postskip=\skip53
\thm@headsep=\skip54
\dth@everypar=\toks28
)
(/usr/share/texlive/texmf-dist/tex/latex/graphics/graphicx.sty
Package: graphicx 2021/09/16 v1.2d Enhanced LaTeX Graphics (DPC,SPQR)

(/usr/share/texlive/texmf-dist/tex/latex/graphics/graphics.sty
Package: graphics 2021/03/04 v1.4d Standard LaTeX Graphics (DPC,SPQR)

(/usr/share/texlive/texmf-dist/tex/latex/graphics/trig.sty
Package: trig 2021/08/11 v1.11 sin cos tan (DPC)
)
(/usr/share/texlive/texmf-dist/tex/latex/graphics-cfg/graphics.cfg
File: graphics.cfg 2016/06/04 v1.11 sample graphics configuration
)
Package graphics Info: Driver file: pdftex.def on input line 107.

(/usr/share/texlive/texmf-dist/tex/latex/graphics-def/pdftex.def
File: pdftex.def 2020/10/05 v1.2a Graphics/color driver for pdftex
))
\Gin@req@height=\dimen156
\Gin@req@width=\dimen157
)
\c@proposition=\count274
\c@definition=\count275
LaTeX Font Info:    Trying to load font information for OT1+ptm on input line 1
3.

(/usr/share/texlive/texmf-dist/tex/latex/psnfss/ot1ptm.fd
File: ot1ptm.fd 2001/06/04 font definitions for OT1/ptm.
)
(/usr/share/texlive/texmf-dist/tex/latex/l3backend/l3backend-pdftex.def
File: l3backend-pdftex.def 2022-01-12 L3 backend support: PDF output (pdfTeX)
\l__color_backend_stack_int=\count276
\l__pdf_internal_box=\box52
)
(./main.aux

LaTeX Warning: Label `app:crisprsql-perstudy' multiply defined.


LaTeX Warning: Label `tab:crisprsql-perstudy' multiply defined.

)
\openout1 = `main.aux'.

LaTeX Font Info:    Checking defaults for OML/cmm/m/it on input line 13.
LaTeX Font Info:    ... okay on input line 13.
LaTeX Font Info:    Checking defaults for OMS/cmsy/m/n on input line 13.
LaTeX Font Info:    ... okay on input line 13.
LaTeX Font Info:    Checking defaults for OT1/cmr/m/n on input line 13.
LaTeX Font Info:    ... okay on input line 13.
LaTeX Font Info:    Checking defaults for T1/cmr/m/n on input line 13.
LaTeX Font Info:    ... okay on input line 13.
LaTeX Font Info:    Checking defaults for TS1/cmr/m/n on input line 13.
LaTeX Font Info:    ... okay on input line 13.
LaTeX Font Info:    Checking defaults for OMX/cmex/m/n on input line 13.
LaTeX Font Info:    ... okay on input line 13.
LaTeX Font Info:    Checking defaults for U/cmr/m/n on input line 13.
LaTeX Font Info:    ... okay on input line 13.

*geometry* driver: auto-detecting
*geometry* detected driver: pdftex
*geometry* verbose mode - [ preamble ] result:
* driver: pdftex
* paper: <default>
* layout: <same size as paper>
* layoutoffset:(h,v)=(0.0pt,0.0pt)
* modes: 
* h-part:(L,W,R)=(72.26999pt, 469.75502pt, 72.26999pt)
* v-part:(T,H,B)=(72.26999pt, 650.43001pt, 72.26999pt)
* \paperwidth=614.295pt
* \paperheight=794.96999pt
* \textwidth=469.75502pt
* \textheight=650.43001pt
* \oddsidemargin=0.0pt
* \evensidemargin=0.0pt
* \topmargin=-37.0pt
* \headheight=12.0pt
* \headsep=25.0pt
* \topskip=12.0pt
* \footskip=30.0pt
* \marginparwidth=44.0pt
* \marginparsep=10.0pt
* \columnsep=10.0pt
* \skip\footins=10.8pt plus 4.0pt minus 2.0pt
* \hoffset=0.0pt
* \voffset=0.0pt
* \mag=1000
* \@twocolumnfalse
* \@twosidefalse
* \@mparswitchfalse
* \@reversemarginfalse
* (1in=72.27pt=25.4mm, 1cm=28.453pt)

(/usr/share/texlive/texmf-dist/tex/context/base/mkii/supp-pdf.mkii
[Loading MPS to PDF converter (version 2006.09.02).]
\scratchcounter=\count277
\scratchdimen=\dimen158
\scratchbox=\box53
\nofMPsegments=\count278
\nofMParguments=\count279
\everyMPshowfont=\toks29
\MPscratchCnt=\count280
\MPscratchDim=\dimen159
\MPnumerator=\count281
\makeMPintoPDFobject=\count282
\everyMPtoPDFconversion=\toks30
) (/usr/share/texlive/texmf-dist/tex/latex/epstopdf-pkg/epstopdf-base.sty
Package: epstopdf-base 2020-01-24 v2.11 Base part for package epstopdf
Package epstopdf-base Info: Redefining graphics rule for `.eps' on input line 4
85.

(/usr/share/texlive/texmf-dist/tex/latex/latexconfig/epstopdf-sys.cfg
File: epstopdf-sys.cfg 2010/07/13 v1.3 Configuration of (r)epstopdf for TeX Liv
e
))
LaTeX Font Info:    Trying to load font information for U+msa on input line 14.


(/usr/share/texlive/texmf-dist/tex/latex/amsfonts/umsa.fd
File: umsa.fd 2013/01/14 v3.01 AMS symbols A
)
LaTeX Font Info:    Trying to load font information for U+msb on input line 14.


(/usr/share/texlive/texmf-dist/tex/latex/amsfonts/umsb.fd
File: umsb.fd 2013/01/14 v3.01 AMS symbols B
)
<figures/benchmarks.pdf, id=1, 867.24pt x 245.718pt>
File: figures/benchmarks.pdf Graphic file (type pdf)
<use figures/benchmarks.pdf>
Package pdftex.def Info: figures/benchmarks.pdf  used on input line 35.
(pdftex.def)             Requested size: 469.75502pt x 133.09816pt.
 [1

{/var/lib/texmf/fonts/map/pdftex/updmap/pdftex.map}]
Overfull \hbox (20.20053pt too wide) in paragraph at lines 70--78
 [][] 
 []

LaTeX Font Info:    Trying to load font information for OT1+pcr on input line 8
0.
(/usr/share/texlive/texmf-dist/tex/latex/psnfss/ot1pcr.fd
File: ot1pcr.fd 2001/06/04 font definitions for OT1/pcr.
) [2 <./figures/benchmarks.pdf>]
Overfull \hbox (32.15326pt too wide) in paragraph at lines 118--119
\OT1/ptm/m/n/12 25,632 cleav-age records (100720 dump) with epi-ge-netic co-var
i-ates, genomes hg19/hg38/mm10/mm9/rn5. 
 []

[3]
Overfull \hbox (52.38058pt too wide) in paragraph at lines 152--157
\OT1/ptm/b/n/12 Definition 2 \OT1/ptm/m/n/12 (In-ter-fer-ence graph)\OT1/ptm/b/
n/12 . \OT1/ptm/m/it/12 Weighted graph on guides with edge weight $\OML/cmm/m/i
t/12 a[] \OT1/cmr/m/n/12 = 0\OML/cmm/m/it/12 :\OT1/cmr/m/n/12 6 [](1\OML/cmm/m/
it/12 ; \OMS/cmsy/m/n/12 j\OT1/cmr/m/n/12 ^^A\OML/cmm/m/it/12 G[]\OMS/cmsy/m/n/
12 j\OML/cmm/m/it/12 =\OT1/cmr/m/n/12 20) +
 []

[4]
<figures/realguide_risk.pdf, id=89, 469.755pt x 274.626pt>
File: figures/realguide_risk.pdf Graphic file (type pdf)
<use figures/realguide_risk.pdf>
Package pdftex.def Info: figures/realguide_risk.pdf  used on input line 219.
(pdftex.def)             Requested size: 375.80544pt x 219.70108pt.
 [5]
Underfull \hbox (badness 3407) in paragraph at lines 242--242
[]\OT1/ptm/m/n/12 Table 3: Tool 6 en-gine cross-check and CHOP-CHOP rule au-dit
, all num-bers from
 []

[6 <./figures/realguide_risk.pdf>]
Overfull \hbox (2.55388pt too wide) in paragraph at lines 278--280
\OT1/ptm/b/n/12 Proposition 1 \OT1/ptm/m/n/12 (Mi-cro-ho-mol-ogy score)\OT1/ptm
/b/n/12 . \OT1/ptm/m/it/12 For flanks $\OML/cmm/m/it/12 L; R$ \OT1/ptm/m/it/12 
around the cut, $\OML/cmm/m/it/12 s[] \OT1/cmr/m/n/12 = [][] \OT1/cmr/bx/n/12 1
\OT1/cmr/m/n/12 [\OML/cmm/m/it/12 L[] \OT1/cmr/m/n/12 =
 []

[7]
<figures/lindel_head2head.pdf, id=154, 650.43pt x 260.17201pt>
File: figures/lindel_head2head.pdf Graphic file (type pdf)
<use figures/lindel_head2head.pdf>
Package pdftex.def Info: figures/lindel_head2head.pdf  used on input line 307.
(pdftex.def)             Requested size: 469.75502pt x 187.90726pt.

Underfull \hbox (badness 10000) in paragraph at lines 315--315
[]\OT1/ptm/m/n/12 Figure 3: Head-to-head against the of-fi-cial Lin-del model, 
all num-bers from
 []


Underfull \hbox (badness 10000) in paragraph at lines 315--315
\OT1/pcr/m/n/12 results/lindel[]headtohead.json \OT1/ptm/m/n/12 and \OT1/pcr/m/
n/12 results/outcome[]crosscell.json\OT1/ptm/m/n/12 .
 []

<figures/outcome_transfer_matrix.pdf, id=155, 650.43pt x 260.17201pt>
File: figures/outcome_transfer_matrix.pdf Graphic file (type pdf)
<use figures/outcome_transfer_matrix.pdf>
Package pdftex.def Info: figures/outcome_transfer_matrix.pdf  used on input lin
e 337.
(pdftex.def)             Requested size: 469.75502pt x 187.90726pt.
<figures/xrcc4_risk.pdf, id=156, 505.89pt x 216.81pt>
File: figures/xrcc4_risk.pdf Graphic file (type pdf)
<use figures/xrcc4_risk.pdf>
Package pdftex.def Info: figures/xrcc4_risk.pdf  used on input line 345.
(pdftex.def)             Requested size: 375.80544pt x 161.06213pt.
[8 <./figures/lindel_head2head.pdf>] [9 <./figures/outcome_transfer_matrix.pdf>
]
<figures/panel_risk.pdf, id=274, 686.565pt x 274.626pt>
File: figures/panel_risk.pdf Graphic file (type pdf)
<use figures/panel_risk.pdf>
Package pdftex.def Info: figures/panel_risk.pdf  used on input line 436.
(pdftex.def)             Requested size: 469.75502pt x 187.89977pt.

Underfull \hbox (badness 10000) in paragraph at lines 439--439
[]\OT1/ptm/m/n/12 Figure 6: Tool 8 panel screen over 109 scored Ref-Seq loci
 []


Underfull \hbox (badness 1888) in paragraph at lines 439--439
\OT1/ptm/m/n/12 (\OT1/pcr/m/n/12 results/riskflag[]panel.json\OT1/ptm/m/n/12 ).
 Left: dis-tri-bu-tion of mean and max per-locus
 []

[10 <./figures/xrcc4_risk.pdf>] [11 <./figures/panel_risk.pdf>]
Overfull \hbox (30.58246pt too wide) in paragraph at lines 490--496
\OT1/ptm/m/n/12 oli-gos: two guide spac-ers (EMX1 \OT1/pcr/m/n/12 GAGTCCGAGCAGA
AGAAGAA\OT1/ptm/m/n/12 , VEGFA \OT1/pcr/m/n/12 GGGTGGGGGGAGTTTGCTCC\OT1/ptm/m/n
/12 )
 []


Overfull \hbox (11.61073pt too wide) in paragraph at lines 490--496
\OT1/ptm/m/n/12 and a primer pair. All ar-ti-facts be-low are pro-duced by \OT1
/pcr/m/n/12 scripts/bioscreen[]walkthrough.py
 []


Overfull \hbox (0.76164pt too wide) in paragraph at lines 498--504
 \OT1/ptm/b/n/12 Step 1: fail-closed on an un-pro-vi-sioned host (real run).[] 
\OT1/ptm/m/n/12 In-vok-ing the pro-duc-tion path, \OT1/pcr/m/n/12 python
 []


Overfull \hbox (43.97539pt too wide) in paragraph at lines 498--504
\OT1/ptm/m/n/12 in-stall ex-its non-zero with \OT1/pcr/m/n/12 BackendUnavailabl
e: commec CLI or reference databases
 []

[12]
Overfull \hbox (34.24498pt too wide) in paragraph at lines 524--524
[]  \OT1/pcr/m/n/10 "seq\_sha256": "b429a35688390cff1d842ddbc155728d4eef954f26c
e633a54e2cd38b9e92d6b",[] 
 []


Overfull \hbox (34.24498pt too wide) in paragraph at lines 524--524
[]  \OT1/pcr/m/n/10 "prev\_chain": "0000000000000000000000000000000000000000000
000000000000000000000",[] 
 []


Underfull \hbox (badness 10000) in paragraph at lines 544--544
[]\OT1/ptm/m/n/12 Table 5: Tamper-evidence checks on the com-mit-ted au-dit cha
in
 []


Underfull \hbox (badness 2717) in paragraph at lines 544--544
\OT1/ptm/m/n/12 (\OT1/pcr/m/n/12 results/bioscreen[]audit[]demo.json\OT1/ptm/m/
n/12 , part 3). Each at-tack is a real call to
 []

[13]
<figures/transfer.pdf, id=398, 433.62pt x 260.17201pt>
File: figures/transfer.pdf Graphic file (type pdf)
<use figures/transfer.pdf>
Package pdftex.def Info: figures/transfer.pdf  used on input line 588.
(pdftex.def)             Requested size: 352.31625pt x 211.40112pt.
 [14 <./figures/transfer.pdf>]
<figures/transfer_ladder.pdf, id=451, 708.24597pt x 289.08pt>
File: figures/transfer_ladder.pdf Graphic file (type pdf)
<use figures/transfer_ladder.pdf>
Package pdftex.def Info: figures/transfer_ladder.pdf  used on input line 647.
(pdftex.def)             Requested size: 469.75502pt x 191.74174pt.

Underfull \hbox (badness 10000) in paragraph at lines 659--659
[]\OT1/ptm/m/n/12 Figure 8: The Tool 10 bench-mark lad-der on the clean RES-hum
an $\OMS/cmsy/m/n/12 !$ \OT1/ptm/m/n/12 V1-
 []


Underfull \hbox (badness 5771) in paragraph at lines 659--659
\OT1/ptm/m/n/12 mouse split (mean per-gene Spear-man), built at com-pile time f
rom the com-mit-ted
 []


Underfull \hbox (badness 4217) in paragraph at lines 659--659
\OT1/pcr/m/n/12 results/beat[]azimuth[]v*.json \OT1/ptm/m/n/12 files by \OT1/pc
r/m/n/12 scripts/make[]figures7.py\OT1/ptm/m/n/12 . The
 []


Overfull \hbox (24.89755pt too wide) in paragraph at lines 664--684
\OT1/ptm/m/n/12 naRNA self-fold en-ergy, GC, din-u-cleotide spec-trum) $\OT1/cm
r/m/n/12 0\OML/cmm/m/it/12 :\OT1/cmr/m/n/12 318$ \OT1/ptm/m/n/12 (\OT1/pcr/m/n/
12 results/classic[]scorers2.json\OT1/ptm/m/n/12 ;
 []

[15]
<figures/classic_scorers.pdf, id=455, 650.43pt x 260.17201pt>
File: figures/classic_scorers.pdf Graphic file (type pdf)
<use figures/classic_scorers.pdf>
Package pdftex.def Info: figures/classic_scorers.pdf  used on input line 686.
(pdftex.def)             Requested size: 422.77664pt x 169.11375pt.

Underfull \hbox (badness 10000) in paragraph at lines 691--691
[]\OT1/ptm/m/n/12 Figure 9: Clas-sic ef-fi-cacy scor-ers repli-cated on the cle
an RES$\OMS/cmsy/m/n/12 !$\OT1/ptm/m/n/12 V1 split
 []


Underfull \hbox (badness 1783) in paragraph at lines 691--691
\OT1/ptm/m/n/12 (\OT1/pcr/m/n/12 results/classic[]scorers.json\OT1/ptm/m/n/12 )
 against our chal-lengers (v6, v7) and the same-
 []

<figures/offtarget_perstudy.pdf, id=456, 578.16pt x 260.17201pt>
File: figures/offtarget_perstudy.pdf Graphic file (type pdf)
<use figures/offtarget_perstudy.pdf>
Package pdftex.def Info: figures/offtarget_perstudy.pdf  used on input line 715
.
(pdftex.def)             Requested size: 399.29463pt x 179.68163pt.
<figures/azimuth_break.pdf, id=457, 686.565pt x 289.08pt>
File: figures/azimuth_break.pdf Graphic file (type pdf)
<use figures/azimuth_break.pdf>
Package pdftex.def Info: figures/azimuth_break.pdf  used on input line 723.
(pdftex.def)             Requested size: 469.75502pt x 197.78923pt.
[16 <./figures/transfer_ladder.pdf>]
Overfull \hbox (34.24477pt too wide) in paragraph at lines 759--759
[]  \OT1/pcr/m/n/12 -> compatibility 1.0, flagged_pairs [] (worst duplex -10.3 
kcal/mol)[] 
 []


Overfull \hbox (12.64478pt too wide) in paragraph at lines 765--765
[]\OT1/pcr/m/n/12 $ python cli.py multiplex GAGTCCGAGCAGAAGAAGAA TTCTTCTTCTGCTC
GGACTC[] 
 []


Overfull \hbox (77.44475pt too wide) in paragraph at lines 765--765
[]  \OT1/pcr/m/n/12 -> compatibility 0.0, flagged_pairs [{duplex_mfe -36.5, dup
lex_flag true}][] 
 []

[17 <./figures/classic_scorers.pdf>] [18 <./figures/offtarget_perstudy.pdf>]
Overfull \hbox (106.24474pt too wide) in paragraph at lines 801--801
[] \OT1/pcr/m/n/12 "verdict": "TRANSFER OK: within +/-0.05 Spearman between A a
nd B (drop -0.02)."[] 
 []

[19 <./figures/azimuth_break.pdf>]
Overfull \hbox (89.81107pt too wide) in paragraph at lines 874--890
\OT1/ptm/m/n/12 deletion frac-tion (Spear-man $\OT1/cmr/m/n/12 0\OML/cmm/m/it/1
2 :\OT1/cmr/m/n/12 01$\OT1/ptm/m/n/12 --$\OT1/cmr/m/n/12 0\OML/cmm/m/it/12 :\OT
1/cmr/m/n/12 11$ \OT1/ptm/m/n/12 vs $\OT1/cmr/m/n/12 0\OML/cmm/m/it/12 :\OT1/cm
r/m/n/12 210$ \OT1/ptm/m/n/12 for the tuned po-si-tional GBT); \OT1/pcr/m/n/12 
results/mhdel[]improve.json\OT1/ptm/m/n/12 .
 []

[20]
Underfull \hbox (badness 10000) in paragraph at lines 921--921
[]\OT1/ptm/m/n/12 Table 8: Tool 6 duplex-MFE sur-ro-gate: all num-bers from
 []


Underfull \hbox (badness 10000) in paragraph at lines 921--921
\OT1/pcr/m/n/12 results/duplex[]surrogate.json \OT1/ptm/m/n/12 (teacher: Vi-en-
naRNA 2.7.2 RNA.fold MFE
 []


LaTeX Warning: `h' float specifier changed to `ht'.

[21]
Underfull \hbox (badness 10000) in paragraph at lines 948--948
[]\OT1/ptm/m/n/12 Table 9: Tool 7 full model $\OMS/cmsy/m/n/12 ^^B$ \OT1/ptm/m/
n/12 tar-get ma-trix, machine-extracted from
 []


Underfull \hbox (badness 1005) in paragraph at lines 948--948
\OT1/pcr/m/n/12 results/outcome[]models.json \OT1/ptm/m/n/12 (train 1,393 / tes
t 349 Lib-A sites; Spear-man with
 []


Underfull \hbox (badness 10000) in paragraph at lines 963--963
[]\OT1/ptm/m/n/12 Table 10: MH-deletion-fraction im-prove-ment at-tempts, all n
um-bers from
 []

[22]
Overfull \hbox (20.62175pt too wide) in paragraph at lines 1000--1008
 [][] 
 []

(./appendix_toolsdata.tex
Overfull \hbox (109.20479pt too wide) in paragraph at lines 2--7
\OT1/ptm/m/n/12 counted. This man-i-fest is re-gen-er-ated as the counts move; 
the machine-readable source is \OT1/pcr/m/n/12 docs/EXTERNAL[]TOOLS.md
 []


Underfull \hbox (badness 1675) in paragraph at lines 39--39
[]\OT1/ptm/m/n/10.95 replication bench-marked on RES$\OMS/cmsy/m/n/10.95 !$\OT1
/ptm/m/n/10.95 V1:
 []


Underfull \hbox (badness 1675) in paragraph at lines 40--40
[]\OT1/ptm/m/n/10.95 replication bench-marked on RES$\OMS/cmsy/m/n/10.95 !$\OT1
/ptm/m/n/10.95 V1:
 []


Underfull \hbox (badness 1675) in paragraph at lines 41--41
[]\OT1/ptm/m/n/10.95 replication bench-marked on RES$\OMS/cmsy/m/n/10.95 !$\OT1
/ptm/m/n/10.95 V1:
 []


LaTeX Warning: `h' float specifier changed to `ht'.

) (./appendix_protocols.tex [23] [24]
Overfull \hbox (38.17764pt too wide) in paragraph at lines 68--76
\OT1/ptm/m/n/12 of ran-dom 20-nt spac-ers matched in length. \OT1/ptm/b/n/12 Sc
or-ing. \OT1/ptm/m/n/12 Each pair is scored with \OT1/pcr/m/n/12 RNAduplex\OT1/
ptm/m/n/12 /\OT1/pcr/m/n/12 duplexfold
 []

[25]) (./appendix_derivations.tex [26]
Overfull \hbox (7.4422pt too wide) in paragraph at lines 71--71
[]\OT1/ptm/b/n/14.4 D3. Spear-man cor-re-la-tion and the gene-clustered paired 
boot-strap (Tools
 []


Overfull \hbox (44.54343pt too wide) in paragraph at lines 91--97
\OT1/ptm/m/n/12 and $\OML/cmm/m/it/12 p \OT1/cmr/m/n/12 = 0\OML/cmm/m/it/12 :\O
T1/cmr/m/n/12 9996$ \OT1/ptm/m/n/12 (v6) as \OT1/ptm/m/it/12 fail-ures to beat 
the bar\OT1/ptm/m/n/12 , not as near-misses (\OT1/pcr/m/n/12 results/beat[]azim
uth[]v6.json\OT1/ptm/m/n/12 ,
 []

[27]
Overfull \hbox (101.238pt too wide) in paragraph at lines 115--121
\OT1/ptm/m/n/12 the frameshift rate are strongly cou-pled --- which is why our 
head-to-head (\OT1/pcr/m/n/12 results/lindel[]headtohead.json\OT1/ptm/m/n/12 )
 []


Overfull \hbox (53.31433pt too wide) in paragraph at lines 130--139
\OT1/ptm/m/n/12 note the pre-dic-tion for $\OML/cmm/m/it/12 x[]$ \OT1/ptm/m/n/1
2 from the fold \OT1/ptm/m/it/12 not \OT1/ptm/m/n/12 con-tain-ing $\OML/cmm/m/i
t/12 i$\OT1/ptm/m/n/12 . A meta-learner $\OML/cmm/m/it/12 g$ \OT1/ptm/m/n/12 tr
ained on $\OMS/cmsy/m/n/12 f\OT1/cmr/m/n/12 ([](\OML/cmm/m/it/12 x[]\OT1/cmr/m/
n/12 )\OML/cmm/m/it/12 ; [] ; []\OT1/cmr/m/n/12 (\OML/cmm/m/it/12 x[]\OT1/cmr/m
/n/12 )\OML/cmm/m/it/12 ; y[]\OT1/cmr/m/n/12 )\OMS/cmsy/m/n/12 g$
 []


Overfull \hbox (46.77153pt too wide) in paragraph at lines 139--145
\OT1/ptm/m/n/12 leak-age on this dataset (\OT1/pcr/m/n/12 results/beat[]azimuth
[]v5.json\OT1/ptm/m/n/12 , \OT1/pcr/m/n/12 results/beat[]azimuth[]v6.json\OT1/p
tm/m/n/12 ). 
 []

[28]
Overfull \hbox (34.47354pt too wide) in paragraph at lines 189--195
 \OT1/ptm/b/n/12 What $\OML/cmm/m/it/12 S$ \OT1/ptm/b/n/12 is not.[] \OT1/ptm/m
/n/12 The weights are hand-set from the qual-i-ta-tive weight of ev-i-dence in 
[[],
 []

[29]
Overfull \hbox (33.19177pt too wide) in paragraph at lines 217--222
 \OT1/ptm/b/n/12 Base-line con-struc-tion.[] \OT1/ptm/m/n/12 The random-spacer 
flag rate $\OT1/cmr/m/n/12 0\OML/cmm/m/it/12 :\OT1/cmr/m/n/12 10812$ \OT1/ptm/m
/n/12 in \OT1/pcr/m/n/12 results/realguide[]risk.json
 []

)
Overfull \hbox (5.64679pt too wide) in paragraph at lines 1014--1020
\OT1/ptm/m/n/12 Every re-ported num-ber re-gen-er-ates from the repos-i-tory: \
OT1/pcr/m/n/12 pip install torch --index-url
 []


Overfull \hbox (39.6688pt too wide) in paragraph at lines 1014--1020
\OT1/pcr/m/n/12 https://download.pytorch.org/whl/cpu\OT1/ptm/m/n/12 , \OT1/pcr/
m/n/12 pip install scikit-learn biopython
 []


Overfull \hbox (4.02785pt too wide) in paragraph at lines 1014--1020
\OT1/pcr/m/n/12 pytest pandas scipy matplotlib ViennaRNA\OT1/ptm/m/n/12 , then 
the five scripts un-der \OT1/pcr/m/n/12 scripts/
 []

[30] [31] (./appendix_erroranalysis.tex [32]) [33] (./appendix_architecture.tex
[34]
Overfull \hbox (48.41362pt too wide) in paragraph at lines 18--29
\OT1/pcr/m/n/12 tools[]multiplex \OT1/ptm/m/n/12 (du-plex screen-ing, shared-PA
M com-pe-ti-tion scor-ing, pair rank-ing), \OT1/pcr/m/n/12 tools[]outcome
 []


Overfull \hbox (62.39378pt too wide) in paragraph at lines 18--29
\OT1/ptm/m/n/12 (mi-cro-ho-mol-ogy den-sity, secondary-structure and exon-bound
ary terms, lo-cus loader), \OT1/pcr/m/n/12 tools[]biosecurity
 []


Overfull \hbox (6.05559pt too wide) in paragraph at lines 31--36
\OT1/pcr/m/n/12 python cli.py <tool> <subcommand> \OT1/ptm/m/n/12 ex-poses ev-e
ry user-facing func-tion: \OT1/pcr/m/n/12 multiplex
 []


Overfull \hbox (19.94089pt too wide) in paragraph at lines 31--36
\OT1/pcr/m/n/12 screen\OT1/ptm/m/n/12 , \OT1/pcr/m/n/12 outcome annotate\OT1/pt
m/m/n/12 , \OT1/pcr/m/n/12 riskflag score\OT1/ptm/m/n/12 , \OT1/pcr/m/n/12 bios
ecurity prescreen\OT1/ptm/m/n/12 , \OT1/pcr/m/n/12 transfer
 []

) [35]
LaTeX Font Info:    Trying to load font information for OMS+pcr on input line 1
118.
 (/usr/share/texlive/texmf-dist/tex/latex/psnfss/omspcr.fd
File: omspcr.fd 
)
LaTeX Font Info:    Font shape `OMS/pcr/m/n' in size <10.95> not available
(Font)              Font shape `OMS/cmsy/m/n' tried instead on input line 1118.


Overfull \hbox (9.47386pt too wide) in paragraph at lines 1118--1131
\OT1/pcr/m/n/10.95 Output: per-guide penalties, set compatibility, removal rank
ing 
 []


Overfull \hbox (22.61385pt too wide) in paragraph at lines 1134--1141
\OT1/pcr/m/n/10.95 Output: P(frameshift), P(+1 insertion), P(MH deletion), prec
ision 
 []

[36] (./appendix_stats.tex [37]) (./appendix_negatives.tex
Overfull \hbox (20.9491pt too wide) in paragraph at lines 7--10
\OT1/ptm/m/n/12 stated; the bar is the same-split Rule Set 2 repli-ca-tion, $\O
T1/cmr/m/n/12 0\OML/cmm/m/it/12 :\OT1/cmr/m/n/12 569$ \OT1/ptm/m/n/12 (\OT1/pcr
/m/n/12 results/beat[]azimuth[]v*.json\OT1/ptm/m/n/12 ). 
 []

LaTeX Font Info:    Trying to load font information for TS1+ptm on input line 1
1.
(/usr/share/texlive/texmf-dist/tex/latex/psnfss/ts1ptm.fd
File: ts1ptm.fd 2001/06/04 font definitions for TS1/ptm.
) [38]
Overfull \hbox (2.18752pt too wide) in paragraph at lines 32--36
\OT1/ptm/m/n/12 into RES train-ing data (1,836 over-lap-ping 30-mers with V1). 
Re-tracted in com-mit \OT1/pcr/m/n/12 a22ba74\OT1/ptm/m/n/12 ;
 []


Overfull \hbox (23.50049pt too wide) in paragraph at lines 45--51
[]\OT1/ptm/b/n/12 Cross-cell-line trans-fer fail-ure \OT1/ptm/m/n/12 (\OT1/pcr/
m/n/12 results/outcome[]crosscell.json\OT1/ptm/m/n/12 ): our +1-insertion-
 []

) (./appendix_validation.tex [39]
Overfull \hbox (1.3035pt too wide) in paragraph at lines 17--23
\OT1/ptm/m/n/12 From \OT1/pcr/m/n/12 results/beat[]azimuth[]v1.json\OT1/ptm/m/n
/12 --\OT1/pcr/m/n/12 v7.json\OT1/ptm/m/n/12 , mean per-gene Spear-man on V1 mo
use
 []


Overfull \hbox (6.65659pt too wide) in paragraph at lines 25--28
\OT1/ptm/m/n/12 From \OT1/pcr/m/n/12 results/lindel[]headtohead.json \OT1/ptm/m
/n/12 and \OT1/pcr/m/n/12 results/outcome[]crosscell.json
 []


Overfull \hbox (35.45657pt too wide) in paragraph at lines 41--46
\OT1/ptm/m/n/12 From \OT1/pcr/m/n/12 results/offtarget[]scorers.json \OT1/ptm/m
/n/12 and \OT1/pcr/m/n/12 results/offtarget[]epigenetics.json
 []

[40]) (./appendix_crisprsql.tex

LaTeX Warning: `h' float specifier changed to `ht'.

! Missing $ inserted.
<inserted text> 
                $
l.20 Tsai_
          circle & 7{,}374 & 3034 & hg19 & 0.003 & -0.623 & +0.517 \\
I've inserted a begin-math/end-math symbol since I think
you left one out. Proceed, with fingers crossed.

! Extra }, or forgotten $.
<template> \unskip \hfil }
                          \hskip \tabcolsep \endtemplate 
l.20 Tsai_circle &
                   7{,}374 & 3034 & hg19 & 0.003 & -0.623 & +0.517 \\
I've deleted a group-closing symbol because it seems to be
spurious, as in `$x}$'. But perhaps the } is legitimate and
you forgot something else, as in `\hbox{$x}'. In such cases
the way to recover is to insert both the forgotten and the
deleted material, e.g., by typing `I$}'.

! Missing $ inserted.
<inserted text> 
                $
l.20 Tsai_circle &
                   7{,}374 & 3034 & hg19 & 0.003 & -0.623 & +0.517 \\
I've inserted a begin-math/end-math symbol since I think
you left one out. Proceed, with fingers crossed.

! Missing } inserted.
<inserted text> 
                }
l.20 Tsai_circle &
                   7{,}374 & 3034 & hg19 & 0.003 & -0.623 & +0.517 \\
I've inserted something that you may have forgotten.
(See the <inserted text> above.)
With luck, this will get me unwedged. But if you
really didn't forget anything, try typing `2' now; then
my insertion and my current dilemma will both disappear.

) (./appendix_crisprsql.tex

LaTeX Warning: `h' float specifier changed to `ht'.

! Missing $ inserted.
<inserted text> 
                $
l.20 Tsai_
          circle & 7{,}374 & 3034 & hg19 & 0.003 & -0.623 & +0.517 \\
I've inserted a begin-math/end-math symbol since I think
you left one out. Proceed, with fingers crossed.

! Extra }, or forgotten $.
<template> \unskip \hfil }
                          \hskip \tabcolsep \endtemplate 
l.20 Tsai_circle &
                   7{,}374 & 3034 & hg19 & 0.003 & -0.623 & +0.517 \\
I've deleted a group-closing symbol because it seems to be
spurious, as in `$x}$'. But perhaps the } is legitimate and
you forgot something else, as in `\hbox{$x}'. In such cases
the way to recover is to insert both the forgotten and the
deleted material, e.g., by typing `I$}'.

! Missing $ inserted.
<inserted text> 
                $
l.20 Tsai_circle &
                   7{,}374 & 3034 & hg19 & 0.003 & -0.623 & +0.517 \\
I've inserted a begin-math/end-math symbol since I think
you left one out. Proceed, with fingers crossed.

! Missing } inserted.
<inserted text> 
                }
l.20 Tsai_circle &
                   7{,}374 & 3034 & hg19 & 0.003 & -0.623 & +0.517 \\
I've inserted something that you may have forgotten.
(See the <inserted text> above.)
With luck, this will get me unwedged. But if you
really didn't forget anything, try typing `2' now; then
my insertion and my current dilemma will both disappear.

) (./appendix_panel.tex

LaTeX Warning: `h' float specifier changed to `ht'.

) (./appendix_repro.tex [41]

LaTeX Warning: `h' float specifier changed to `ht'.


LaTeX Warning: `h' float specifier changed to `ht'.


LaTeX Warning: `h' float specifier changed to `ht'.


LaTeX Warning: `h' float specifier changed to `ht'.


Overfull \hbox (11.03363pt too wide) in paragraph at lines 2--9
\OT1/ptm/m/n/12 2.3.3, SciPy 1.15.3, scikit-learn 1.7.2, Py-Torch 2.14.0+cpu, V
i-en-naRNA 2.7.2 (du-plex-fold/RNAfold).
 []


Overfull \hbox (24.17953pt too wide) in paragraph at lines 15--15
[]\OT1/pcr/m/n/10.95 discovery[]realguide[]risk.py| 
 []


Underfull \hbox (badness 10000) in paragraph at lines 15--16
[]\OT1/pcr/m/n/10.95 realguide[]risk.json \OT1/ptm/m/n/10.95 (dis-
 []


Overfull \hbox (30.74953pt too wide) in paragraph at lines 17--17
[]\OT1/pcr/m/n/10.95 discovery[]multiplex[]rules.py| 
 []


Overfull \hbox (37.31952pt too wide) in paragraph at lines 19--19
[]\OT1/pcr/m/n/10.95 benchmark[]duplex[]surrogate.py| 
 []


Underfull \hbox (badness 10000) in paragraph at lines 20--21
[]\OT1/ptm/m/n/10.95 ViennaRNA du-plex-fold
 []


Underfull \hbox (badness 1622) in paragraph at lines 22--23
[]\OT1/ptm/m/n/10.95 inDelphi Lib-A events +
 []


Underfull \hbox (badness 5741) in paragraph at lines 24--25
[]\OT1/ptm/m/n/10.95 Lib-A + of-fi-cial Lin-del
 []


Overfull \hbox (37.31952pt too wide) in paragraph at lines 25--25
[]\OT1/pcr/m/n/10.95 transfer[]outcome[]crosscell.py| 
 []


Underfull \hbox (badness 10000) in paragraph at lines 27--27
[]\OT1/pcr/m/n/10.95 mhdel[]improve.json \OT1/ptm/m/n/10.95 (neg-a-
 []


Underfull \hbox (badness 10000) in paragraph at lines 29--29
[]\OT1/pcr/m/n/10.95 beat[]azimuth[]v1.py\OT1/ptm/m/n/10.95 --
 []


Underfull \hbox (badness 10000) in paragraph at lines 30--31
[]\OT1/ptm/m/n/10.95 FC+RES (drug-filtered),
 []


Underfull \hbox (badness 10000) in paragraph at lines 32--33
[]\OT1/ptm/m/n/10.95 + Doench V2
 []


Overfull \hbox (30.74953pt too wide) in paragraph at lines 33--33
[]\OT1/pcr/m/n/10.95 replicate[]classic[]scorers.py| 
 []


Overfull \hbox (7.09756pt too wide) in paragraph at lines 37--37
[]\OT1/pcr/m/n/10.95 offtarget[]epigenetics.py| 
 []


Overfull \hbox (8.85619pt too wide) in paragraph at lines 37--38
[]\OT1/pcr/m/n/10.95 offtarget[]epigenetics.json
 []


Overfull \hbox (4.46956pt too wide) in paragraph at lines 41--41
[]\OT1/pcr/m/n/10.95 riskflag[]refseq[]panel.py| 
 []


Overfull \hbox (30.74953pt too wide) in paragraph at lines 43--43
[]\OT1/pcr/m/n/10.95 validate[]riskflag[]realseq.py| 
 []


Underfull \hbox (badness 10000) in paragraph at lines 43--44
[]\OT1/pcr/m/n/10.95 riskflag[]loci.json\OT1/ptm/m/n/10.95 ,
 []


Underfull \hbox (badness 10000) in paragraph at lines 46--46
[]\OT1/pcr/m/n/10.95 make[]figures.py\OT1/ptm/m/n/10.95 --
 []

[42]) [43] [44] [45] [46] [47] [48] [49] [50] (./main.aux)

LaTeX Warning: There were multiply-defined labels.

 ) 
Here is how much of TeX's memory you used:
 3551 strings out of 480247
 54391 string characters out of 5896151
 420652 words of memory out of 5000000
 21392 multiletter control sequences out of 15000+600000
 508063 words of font info for 113 fonts, out of 8000000 for 9000
 14 hyphenation exceptions out of 8191
 55i,11n,62p,935b,316s stack positions out of 5000i,500n,10000p,200000b,80000s
{/usr/share/texlive/texmf-dist/fonts/enc/dvips/base/8r.enc}</usr/share/texliv
e/texmf-dist/fonts/type1/public/amsfonts/cm/cmbx12.pfb></usr/share/texlive/texm
f-dist/fonts/type1/public/amsfonts/cm/cmex10.pfb></usr/share/texlive/texmf-dist
/fonts/type1/public/amsfonts/cm/cmmi10.pfb></usr/share/texlive/texmf-dist/fonts
/type1/public/amsfonts/cm/cmmi12.pfb></usr/share/texlive/texmf-dist/fonts/type1
/public/amsfonts/cm/cmmi6.pfb></usr/share/texlive/texmf-dist/fonts/type1/public
/amsfonts/cm/cmmi7.pfb></usr/share/texlive/texmf-dist/fonts/type1/public/amsfon
ts/cm/cmmi8.pfb></usr/share/texlive/texmf-dist/fonts/type1/public/amsfonts/cm/c
mr10.pfb></usr/share/texlive/texmf-dist/fonts/type1/public/amsfonts/cm/cmr12.pf
b></usr/share/texlive/texmf-dist/fonts/type1/public/amsfonts/cm/cmr6.pfb></usr/
share/texlive/texmf-dist/fonts/type1/public/amsfonts/cm/cmr8.pfb></usr/share/te
xlive/texmf-dist/fonts/type1/public/amsfonts/cm/cmsy10.pfb></usr/share/texlive/
texmf-dist/fonts/type1/public/amsfonts/cm/cmsy6.pfb></usr/share/texlive/texmf-d
ist/fonts/type1/public/amsfonts/cm/cmsy8.pfb></usr/share/texlive/texmf-dist/fon
ts/type1/public/amsfonts/symbols/msbm10.pfb></usr/share/texlive/texmf-dist/font
s/type1/urw/courier/ucrr8a.pfb></usr/share/texlive/texmf-dist/fonts/type1/urw/t
imes/utmb8a.pfb></usr/share/texlive/texmf-dist/fonts/type1/urw/times/utmr8a.pfb
></usr/share/texlive/texmf-dist/fonts/type1/urw/times/utmri8a.pfb>
Output written on main.pdf (50 pages, 538531 bytes).
PDF statistics:
 881 PDF objects out of 1000 (max. 8388607)
 226 compressed objects within 3 object streams
 0 named destinations out of 1000 (max. 500000)
 56 words of extra memory for PDF output out of 10000 (max. 10000000)

